Archive member included because of file (symbol)

d:/imt diploma/tools/sdk/imt_sdk_win_64/winavr/bin/../lib/gcc/avr/4.3.3/avr5\libgcc.a(_udivmodhi4.o)
                              ./UART_program.o (__udivmodhi4)
d:/imt diploma/tools/sdk/imt_sdk_win_64/winavr/bin/../lib/gcc/avr/4.3.3/avr5\libgcc.a(_udivmodsi4.o)
                              ./LCD_prg.o (__udivmodsi4)
d:/imt diploma/tools/sdk/imt_sdk_win_64/winavr/bin/../lib/gcc/avr/4.3.3/avr5\libgcc.a(_exit.o)
                              d:/imt diploma/tools/sdk/imt_sdk_win_64/winavr/bin/../lib/gcc/avr/4.3.3/../../../../avr/lib/avr5/crtm32.o (exit)
d:/imt diploma/tools/sdk/imt_sdk_win_64/winavr/bin/../lib/gcc/avr/4.3.3/avr5\libgcc.a(_copy_data.o)
                              ./LCD_prg.o (__do_copy_data)
d:/imt diploma/tools/sdk/imt_sdk_win_64/winavr/bin/../lib/gcc/avr/4.3.3/avr5\libgcc.a(_clear_bss.o)
                              ./ADC_prg.o (__do_clear_bss)
d:/imt diploma/tools/sdk/imt_sdk_win_64/winavr/bin/../lib/gcc/avr/4.3.3/avr5\libgcc.a(_fixunssfsi.o)
                              ./LCD_prg.o (__fixunssfsi)
d:/imt diploma/tools/sdk/imt_sdk_win_64/winavr/bin/../lib/gcc/avr/4.3.3/avr5\libgcc.a(_addsub_sf.o)
                              d:/imt diploma/tools/sdk/imt_sdk_win_64/winavr/bin/../lib/gcc/avr/4.3.3/avr5\libgcc.a(_fixunssfsi.o) (__subsf3)
d:/imt diploma/tools/sdk/imt_sdk_win_64/winavr/bin/../lib/gcc/avr/4.3.3/avr5\libgcc.a(_mul_sf.o)
                              ./LCD_prg.o (__mulsf3)
d:/imt diploma/tools/sdk/imt_sdk_win_64/winavr/bin/../lib/gcc/avr/4.3.3/avr5\libgcc.a(_gt_sf.o)
                              ./LCD_prg.o (__gtsf2)
d:/imt diploma/tools/sdk/imt_sdk_win_64/winavr/bin/../lib/gcc/avr/4.3.3/avr5\libgcc.a(_ge_sf.o)
                              d:/imt diploma/tools/sdk/imt_sdk_win_64/winavr/bin/../lib/gcc/avr/4.3.3/avr5\libgcc.a(_fixunssfsi.o) (__gesf2)
d:/imt diploma/tools/sdk/imt_sdk_win_64/winavr/bin/../lib/gcc/avr/4.3.3/avr5\libgcc.a(_lt_sf.o)
                              ./LCD_prg.o (__ltsf2)
d:/imt diploma/tools/sdk/imt_sdk_win_64/winavr/bin/../lib/gcc/avr/4.3.3/avr5\libgcc.a(_sf_to_si.o)
                              d:/imt diploma/tools/sdk/imt_sdk_win_64/winavr/bin/../lib/gcc/avr/4.3.3/avr5\libgcc.a(_fixunssfsi.o) (__fixsfsi)
d:/imt diploma/tools/sdk/imt_sdk_win_64/winavr/bin/../lib/gcc/avr/4.3.3/avr5\libgcc.a(_thenan_sf.o)
                              d:/imt diploma/tools/sdk/imt_sdk_win_64/winavr/bin/../lib/gcc/avr/4.3.3/avr5\libgcc.a(_addsub_sf.o) (__thenan_sf)
d:/imt diploma/tools/sdk/imt_sdk_win_64/winavr/bin/../lib/gcc/avr/4.3.3/avr5\libgcc.a(_prologue.o)
                              d:/imt diploma/tools/sdk/imt_sdk_win_64/winavr/bin/../lib/gcc/avr/4.3.3/avr5\libgcc.a(_addsub_sf.o) (__prologue_saves__)
d:/imt diploma/tools/sdk/imt_sdk_win_64/winavr/bin/../lib/gcc/avr/4.3.3/avr5\libgcc.a(_epilogue.o)
                              d:/imt diploma/tools/sdk/imt_sdk_win_64/winavr/bin/../lib/gcc/avr/4.3.3/avr5\libgcc.a(_addsub_sf.o) (__epilogue_restores__)
d:/imt diploma/tools/sdk/imt_sdk_win_64/winavr/bin/../lib/gcc/avr/4.3.3/avr5\libgcc.a(_pack_sf.o)
                              d:/imt diploma/tools/sdk/imt_sdk_win_64/winavr/bin/../lib/gcc/avr/4.3.3/avr5\libgcc.a(_addsub_sf.o) (__pack_f)
d:/imt diploma/tools/sdk/imt_sdk_win_64/winavr/bin/../lib/gcc/avr/4.3.3/avr5\libgcc.a(_unpack_sf.o)
                              d:/imt diploma/tools/sdk/imt_sdk_win_64/winavr/bin/../lib/gcc/avr/4.3.3/avr5\libgcc.a(_addsub_sf.o) (__unpack_f)
d:/imt diploma/tools/sdk/imt_sdk_win_64/winavr/bin/../lib/gcc/avr/4.3.3/avr5\libgcc.a(_fpcmp_parts_sf.o)
                              d:/imt diploma/tools/sdk/imt_sdk_win_64/winavr/bin/../lib/gcc/avr/4.3.3/avr5\libgcc.a(_gt_sf.o) (__fpcmp_parts_f)

Allocating common symbols
Common symbol       size              file

TimeOut_Counter     0x1               ./main.o
Temperature         0x1               ./main.o
Desired_Temp        0x1               ./main.o

Memory Configuration

Name             Origin             Length             Attributes
text             0x00000000         0x00020000         xr
data             0x00800060         0x0000ffa0         rw !x
eeprom           0x00810000         0x00010000         rw !x
fuse             0x00820000         0x00000400         rw !x
lock             0x00830000         0x00000400         rw !x
signature        0x00840000         0x00000400         rw !x
*default*        0x00000000         0xffffffff

Linker script and memory map

LOAD d:/imt diploma/tools/sdk/imt_sdk_win_64/winavr/bin/../lib/gcc/avr/4.3.3/../../../../avr/lib/avr5/crtm32.o
LOAD ./ADC_prg.o
LOAD ./DIO_prg.o
LOAD ./EEPROM_program.o
LOAD ./GI_program.o
LOAD ./I2C_program.o
LOAD ./LCD_prg.o
LOAD ./TIMER0_program.o
LOAD ./UART_program.o
LOAD ./main.o
LOAD d:/imt diploma/tools/sdk/imt_sdk_win_64/winavr/bin/../lib/gcc/avr/4.3.3/avr5\libgcc.a
LOAD d:/imt diploma/tools/sdk/imt_sdk_win_64/winavr/bin/../lib/gcc/avr/4.3.3/../../../../avr/lib/avr5\libc.a
LOAD d:/imt diploma/tools/sdk/imt_sdk_win_64/winavr/bin/../lib/gcc/avr/4.3.3/avr5\libgcc.a

.hash
 *(.hash)

.dynsym
 *(.dynsym)

.dynstr
 *(.dynstr)

.gnu.version
 *(.gnu.version)

.gnu.version_d
 *(.gnu.version_d)

.gnu.version_r
 *(.gnu.version_r)

.rel.init
 *(.rel.init)

.rela.init
 *(.rela.init)

.rel.text
 *(.rel.text)
 *(.rel.text.*)
 *(.rel.gnu.linkonce.t*)

.rela.text
 *(.rela.text)
 *(.rela.text.*)
 *(.rela.gnu.linkonce.t*)

.rel.fini
 *(.rel.fini)

.rela.fini
 *(.rela.fini)

.rel.rodata
 *(.rel.rodata)
 *(.rel.rodata.*)
 *(.rel.gnu.linkonce.r*)

.rela.rodata
 *(.rela.rodata)
 *(.rela.rodata.*)
 *(.rela.gnu.linkonce.r*)

.rel.data
 *(.rel.data)
 *(.rel.data.*)
 *(.rel.gnu.linkonce.d*)

.rela.data
 *(.rela.data)
 *(.rela.data.*)
 *(.rela.gnu.linkonce.d*)

.rel.ctors
 *(.rel.ctors)

.rela.ctors
 *(.rela.ctors)

.rel.dtors
 *(.rel.dtors)

.rela.dtors
 *(.rela.dtors)

.rel.got
 *(.rel.got)

.rela.got
 *(.rela.got)

.rel.bss
 *(.rel.bss)

.rela.bss
 *(.rela.bss)

.rel.plt
 *(.rel.plt)

.rela.plt
 *(.rela.plt)

.text           0x00000000     0x7678
 *(.vectors)
 .vectors       0x00000000       0x54 d:/imt diploma/tools/sdk/imt_sdk_win_64/winavr/bin/../lib/gcc/avr/4.3.3/../../../../avr/lib/avr5/crtm32.o
                0x00000000                __vectors
                0x00000000                __vector_default
 *(.vectors)
 *(.progmem.gcc*)
 *(.progmem*)
                0x00000054                . = ALIGN (0x2)
                0x00000054                __trampolines_start = .
 *(.trampolines)
 .trampolines   0x00000054        0x0 linker stubs
 *(.trampolines*)
                0x00000054                __trampolines_end = .
 *(.jumptables)
 *(.jumptables*)
 *(.lowtext)
 *(.lowtext*)
                0x00000054                __ctors_start = .
 *(.ctors)
                0x00000054                __ctors_end = .
                0x00000054                __dtors_start = .
 *(.dtors)
                0x00000054                __dtors_end = .
 SORT(*)(.ctors)
 SORT(*)(.dtors)
 *(.init0)
 .init0         0x00000054        0x0 d:/imt diploma/tools/sdk/imt_sdk_win_64/winavr/bin/../lib/gcc/avr/4.3.3/../../../../avr/lib/avr5/crtm32.o
                0x00000054                __init
 *(.init0)
 *(.init1)
 *(.init1)
 *(.init2)
 .init2         0x00000054        0xc d:/imt diploma/tools/sdk/imt_sdk_win_64/winavr/bin/../lib/gcc/avr/4.3.3/../../../../avr/lib/avr5/crtm32.o
 *(.init2)
 *(.init3)
 *(.init3)
 *(.init4)
 .init4         0x00000060       0x16 d:/imt diploma/tools/sdk/imt_sdk_win_64/winavr/bin/../lib/gcc/avr/4.3.3/avr5\libgcc.a(_copy_data.o)
                0x00000060                __do_copy_data
 .init4         0x00000076       0x10 d:/imt diploma/tools/sdk/imt_sdk_win_64/winavr/bin/../lib/gcc/avr/4.3.3/avr5\libgcc.a(_clear_bss.o)
                0x00000076                __do_clear_bss
 *(.init4)
 *(.init5)
 *(.init5)
 *(.init6)
 *(.init6)
 *(.init7)
 *(.init7)
 *(.init8)
 *(.init8)
 *(.init9)
 .init9         0x00000086        0x8 d:/imt diploma/tools/sdk/imt_sdk_win_64/winavr/bin/../lib/gcc/avr/4.3.3/../../../../avr/lib/avr5/crtm32.o
 *(.init9)
 *(.text)
 .text          0x0000008e        0x4 d:/imt diploma/tools/sdk/imt_sdk_win_64/winavr/bin/../lib/gcc/avr/4.3.3/../../../../avr/lib/avr5/crtm32.o
                0x0000008e                __vector_1
                0x0000008e                __vector_12
                0x0000008e                __bad_interrupt
                0x0000008e                __vector_6
                0x0000008e                __vector_3
                0x0000008e                __vector_11
                0x0000008e                __vector_13
                0x0000008e                __vector_17
                0x0000008e                __vector_19
                0x0000008e                __vector_7
                0x0000008e                __vector_5
                0x0000008e                __vector_4
                0x0000008e                __vector_9
                0x0000008e                __vector_2
                0x0000008e                __vector_8
                0x0000008e                __vector_14
                0x0000008e                __vector_10
                0x0000008e                __vector_18
                0x0000008e                __vector_20
 .text          0x00000092        0x0 ./ADC_prg.o
 .text          0x00000092        0x0 ./DIO_prg.o
 .text          0x00000092        0x0 ./EEPROM_program.o
 .text          0x00000092        0x0 ./GI_program.o
 .text          0x00000092        0x0 ./I2C_program.o
 .text          0x00000092        0x0 ./LCD_prg.o
 .text          0x00000092        0x0 ./TIMER0_program.o
 .text          0x00000092        0x0 ./UART_program.o
 .text          0x00000092        0x0 ./main.o
 .text          0x00000092        0x0 d:/imt diploma/tools/sdk/imt_sdk_win_64/winavr/bin/../lib/gcc/avr/4.3.3/avr5\libgcc.a(_udivmodhi4.o)
 .text          0x00000092        0x0 d:/imt diploma/tools/sdk/imt_sdk_win_64/winavr/bin/../lib/gcc/avr/4.3.3/avr5\libgcc.a(_udivmodsi4.o)
 .text          0x00000092        0x0 d:/imt diploma/tools/sdk/imt_sdk_win_64/winavr/bin/../lib/gcc/avr/4.3.3/avr5\libgcc.a(_exit.o)
 .text          0x00000092        0x0 d:/imt diploma/tools/sdk/imt_sdk_win_64/winavr/bin/../lib/gcc/avr/4.3.3/avr5\libgcc.a(_copy_data.o)
 .text          0x00000092        0x0 d:/imt diploma/tools/sdk/imt_sdk_win_64/winavr/bin/../lib/gcc/avr/4.3.3/avr5\libgcc.a(_clear_bss.o)
 .text          0x00000092       0x58 d:/imt diploma/tools/sdk/imt_sdk_win_64/winavr/bin/../lib/gcc/avr/4.3.3/avr5\libgcc.a(_fixunssfsi.o)
                0x00000092                __fixunssfsi
 .text          0x000000ea      0x354 d:/imt diploma/tools/sdk/imt_sdk_win_64/winavr/bin/../lib/gcc/avr/4.3.3/avr5\libgcc.a(_addsub_sf.o)
                0x00000382                __subsf3
                0x000003e4                __addsf3
 .text          0x0000043e      0x1f4 d:/imt diploma/tools/sdk/imt_sdk_win_64/winavr/bin/../lib/gcc/avr/4.3.3/avr5\libgcc.a(_mul_sf.o)
                0x0000043e                __mulsf3
 .text          0x00000632       0x60 d:/imt diploma/tools/sdk/imt_sdk_win_64/winavr/bin/../lib/gcc/avr/4.3.3/avr5\libgcc.a(_gt_sf.o)
                0x00000632                __gtsf2
 .text          0x00000692       0x60 d:/imt diploma/tools/sdk/imt_sdk_win_64/winavr/bin/../lib/gcc/avr/4.3.3/avr5\libgcc.a(_ge_sf.o)
                0x00000692                __gesf2
 .text          0x000006f2       0x60 d:/imt diploma/tools/sdk/imt_sdk_win_64/winavr/bin/../lib/gcc/avr/4.3.3/avr5\libgcc.a(_lt_sf.o)
                0x000006f2                __ltsf2
 .text          0x00000752       0xa8 d:/imt diploma/tools/sdk/imt_sdk_win_64/winavr/bin/../lib/gcc/avr/4.3.3/avr5\libgcc.a(_sf_to_si.o)
                0x00000752                __fixsfsi
 .text          0x000007fa        0x0 d:/imt diploma/tools/sdk/imt_sdk_win_64/winavr/bin/../lib/gcc/avr/4.3.3/avr5\libgcc.a(_thenan_sf.o)
 .text          0x000007fa        0x0 d:/imt diploma/tools/sdk/imt_sdk_win_64/winavr/bin/../lib/gcc/avr/4.3.3/avr5\libgcc.a(_prologue.o)
 .text          0x000007fa        0x0 d:/imt diploma/tools/sdk/imt_sdk_win_64/winavr/bin/../lib/gcc/avr/4.3.3/avr5\libgcc.a(_epilogue.o)
 .text          0x000007fa      0x1aa d:/imt diploma/tools/sdk/imt_sdk_win_64/winavr/bin/../lib/gcc/avr/4.3.3/avr5\libgcc.a(_pack_sf.o)
                0x000007fa                __pack_f
 .text          0x000009a4       0xf0 d:/imt diploma/tools/sdk/imt_sdk_win_64/winavr/bin/../lib/gcc/avr/4.3.3/avr5\libgcc.a(_unpack_sf.o)
                0x000009a4                __unpack_f
 .text          0x00000a94       0xb2 d:/imt diploma/tools/sdk/imt_sdk_win_64/winavr/bin/../lib/gcc/avr/4.3.3/avr5\libgcc.a(_fpcmp_parts_sf.o)
                0x00000a94                __fpcmp_parts_f
                0x00000b46                . = ALIGN (0x2)
 *(.text.*)
 .text.ADC_FreeRunningSetCallBack
                0x00000b46       0x2c ./ADC_prg.o
                0x00000b46                ADC_FreeRunningSetCallBack
 .text.ADC_Init
                0x00000b72       0x46 ./ADC_prg.o
                0x00000b72                ADC_Init
 .text.ADC_Init_FreeRunning_Mode
                0x00000bb8       0x9e ./ADC_prg.o
                0x00000bb8                ADC_Init_FreeRunning_Mode
 .text.ADC_Enable
                0x00000c56       0x20 ./ADC_prg.o
                0x00000c56                ADC_Enable
 .text.ADC_Dsiable
                0x00000c76       0x1c ./ADC_prg.o
                0x00000c76                ADC_Dsiable
 .text.ADC_StartConversion
                0x00000c92       0x1c ./ADC_prg.o
                0x00000c92                ADC_StartConversion
 .text.ADC_Interrupt_Enable
                0x00000cae       0x1c ./ADC_prg.o
                0x00000cae                ADC_Interrupt_Enable
 .text.ADC_Interrupt_Disable
                0x00000cca       0x1c ./ADC_prg.o
                0x00000cca                ADC_Interrupt_Disable
 .text.__vector_16
                0x00000ce6       0x72 ./ADC_prg.o
                0x00000ce6                __vector_16
 .text.ADC_ChannelSelect_FreeRunning_Mode
                0x00000d58      0x2cc ./ADC_prg.o
                0x00000d58                ADC_ChannelSelect_FreeRunning_Mode
 .text.ADC_StartConversion_SingleMode
                0x00001024      0x31a ./ADC_prg.o
                0x00001024                ADC_StartConversion_SingleMode
 .text.DIO_u8SetPinDir
                0x0000133e      0x246 ./DIO_prg.o
                0x0000133e                DIO_u8SetPinDir
 .text.DIO_u8SetPinVal
                0x00001584      0x246 ./DIO_prg.o
                0x00001584                DIO_u8SetPinVal
 .text.DIO_u8GetPinVal
                0x000017ca      0x132 ./DIO_prg.o
                0x000017ca                DIO_u8GetPinVal
 .text.DIO_u8SetPortDir
                0x000018fc       0x96 ./DIO_prg.o
                0x000018fc                DIO_u8SetPortDir
 .text.DIO_u8SetPortVal
                0x00001992       0x96 ./DIO_prg.o
                0x00001992                DIO_u8SetPortVal
 .text.DIO_u8GetPortVal
                0x00001a28       0xba ./DIO_prg.o
                0x00001a28                DIO_u8GetPortVal
 .text.eeprom_init
                0x00001ae2       0x12 ./EEPROM_program.o
                0x00001ae2                eeprom_init
 .text.eeprom_write_byte
                0x00001af4       0x44 ./EEPROM_program.o
                0x00001af4                eeprom_write_byte
 .text.eeprom_read_byte
                0x00001b38       0x5a ./EEPROM_program.o
                0x00001b38                eeprom_read_byte
 .text.GI_voidGlobalIntEnable
                0x00001b92       0x1c ./GI_program.o
                0x00001b92                GI_voidGlobalIntEnable
 .text.GI_voidGlobalIntDisable
                0x00001bae       0x1c ./GI_program.o
                0x00001bae                GI_voidGlobalIntDisable
 .text.i2c_init_master
                0x00001bca       0x2c ./I2C_program.o
                0x00001bca                i2c_init_master
 .text.i2c_init_slave
                0x00001bf6       0x1e ./I2C_program.o
                0x00001bf6                i2c_init_slave
 .text.i2c_start
                0x00001c14       0x34 ./I2C_program.o
                0x00001c14                i2c_start
 .text.i2c_repeated_start
                0x00001c48       0x34 ./I2C_program.o
                0x00001c48                i2c_repeated_start
 .text.i2c_send_slave_address_with_write_req
                0x00001c7c       0x44 ./I2C_program.o
                0x00001c7c                i2c_send_slave_address_with_write_req
 .text.i2c_send_slave_address_with_read_req
                0x00001cc0       0x52 ./I2C_program.o
                0x00001cc0                i2c_send_slave_address_with_read_req
 .text.i2c_write_byte
                0x00001d12       0x42 ./I2C_program.o
                0x00001d12                i2c_write_byte
 .text.i2c_read_byte
                0x00001d54       0x3a ./I2C_program.o
                0x00001d54                i2c_read_byte
 .text.i2c_stop
                0x00001d8e       0x16 ./I2C_program.o
                0x00001d8e                i2c_stop
 .text.i2c_slave_check_slave_address_received_with_write_req
                0x00001da4       0x34 ./I2C_program.o
                0x00001da4                i2c_slave_check_slave_address_received_with_write_req
 .text.i2c_slave_check_slave_address_received_with_read_req
                0x00001dd8       0x34 ./I2C_program.o
                0x00001dd8                i2c_slave_check_slave_address_received_with_read_req
 .text.i2c_slave_read_byte
                0x00001e0c       0x3a ./I2C_program.o
                0x00001e0c                i2c_slave_read_byte
 .text.i2c_slave_write_byte
                0x00001e46       0x42 ./I2C_program.o
                0x00001e46                i2c_slave_write_byte
 .text.LCD_init
                0x00001e88      0x442 ./LCD_prg.o
                0x00001e88                LCD_init
 .text.Write_cmd
                0x000022ca      0x1ae ./LCD_prg.o
                0x000022ca                Write_cmd
 .text.Write_data
                0x00002478      0x1ae ./LCD_prg.o
                0x00002478                Write_data
 .text.LCD_goto
                0x00002626       0x30 ./LCD_prg.o
                0x00002626                LCD_goto
 .text.LCD_CLR  0x00002656       0x14 ./LCD_prg.o
                0x00002656                LCD_CLR
 .text.LCD_CGR  0x0000266a       0x14 ./LCD_prg.o
                0x0000266a                LCD_CGR
 .text.LCD_DDR  0x0000267e       0x14 ./LCD_prg.o
                0x0000267e                LCD_DDR
 .text.LCD_PrintNum
                0x00002692      0x93e ./LCD_prg.o
                0x00002692                LCD_PrintNum
 .text.LCD_WriteString
                0x00002fd0      0x146 ./LCD_prg.o
                0x00002fd0                LCD_WriteString
 .text.TIMER0_int
                0x00003116       0xc0 ./TIMER0_program.o
                0x00003116                TIMER0_int
 .text.TIMER0_FAST_PWM_DutyCycle
                0x000031d6       0x40 ./TIMER0_program.o
                0x000031d6                TIMER0_FAST_PWM_DutyCycle
 .text.TIMER0_Start
                0x00003216       0x38 ./TIMER0_program.o
                0x00003216                TIMER0_Start
 .text.TIMER0_Stop
                0x0000324e       0x38 ./TIMER0_program.o
                0x0000324e                TIMER0_Stop
 .text.TIMER1_int
                0x00003286       0x62 ./TIMER0_program.o
                0x00003286                TIMER1_int
 .text.TIMER1_Stop
                0x000032e8       0x38 ./TIMER0_program.o
                0x000032e8                TIMER1_Stop
 .text.TIMER1_Start
                0x00003320       0x38 ./TIMER0_program.o
                0x00003320                TIMER1_Start
 .text.TIMER1_FAST_PWM_ICR1_Val
                0x00003358       0x24 ./TIMER0_program.o
                0x00003358                TIMER1_FAST_PWM_ICR1_Val
 .text.TIMER0_OverFlowSetCallBack
                0x0000337c       0x2c ./TIMER0_program.o
                0x0000337c                TIMER0_OverFlowSetCallBack
 .text.TIMER0_CTCSetCallBack
                0x000033a8       0x2c ./TIMER0_program.o
                0x000033a8                TIMER0_CTCSetCallBack
 .text.UART_init
                0x000033d4       0x5c ./UART_program.o
                0x000033d4                UART_init
 .text.UART_SendByteSynchronous
                0x00003430       0x34 ./UART_program.o
                0x00003430                UART_SendByteSynchronous
 .text.UART_ReceiveByteSynchronous
                0x00003464       0x44 ./UART_program.o
                0x00003464                UART_ReceiveByteSynchronous
 .text.__vector_15
                0x000034a8       0x9e ./UART_program.o
                0x000034a8                __vector_15
 .text.UART_u8Receiver
                0x00003546       0x1e ./UART_program.o
                0x00003546                UART_u8Receiver
 .text.Bluetooth_SendString
                0x00003564       0x52 ./UART_program.o
                0x00003564                Bluetooth_SendString
 .text.Bluetooth_SendNumber
                0x000035b6       0x90 ./UART_program.o
                0x000035b6                Bluetooth_SendNumber
 .text.main     0x00003646      0x328 ./main.o
                0x00003646                main
 .text.ASCII_Conversion
                0x0000396e       0x26 ./main.o
                0x0000396e                ASCII_Conversion
 .text.Admin_Mode
                0x00003994      0x5e0 ./main.o
                0x00003994                Admin_Mode
 .text.User_Mode
                0x00003f74      0xaaa ./main.o
                0x00003f74                User_Mode
 .text.Time_Out_Function
                0x00004a1e      0x16a ./main.o
                0x00004a1e                Time_Out_Function
 .text.User_Validation
                0x00004b88      0xabe ./main.o
                0x00004b88                User_Validation
 .text.User_DoorControl
                0x00005646      0x27a ./main.o
                0x00005646                User_DoorControl
 .text.User_Light_Control
                0x000058c0       0x86 ./main.o
                0x000058c0                User_Light_Control
 .text.User_AC_Control
                0x00005946      0x600 ./main.o
                0x00005946                User_AC_Control
 .text.User_ADC_ISR
                0x00005f46       0x7c ./main.o
                0x00005f46                User_ADC_ISR
 .text.Recovering_Addresses_Location
                0x00005fc2       0x4a ./main.o
                0x00005fc2                Recovering_Addresses_Location
 .text.Recovering_Users_Status
                0x0000600c       0x44 ./main.o
                0x0000600c                Recovering_Users_Status
 .text.Add_User
                0x00006050      0x376 ./main.o
                0x00006050                Add_User
 .text.Delete_User
                0x000063c6      0x366 ./main.o
                0x000063c6                Delete_User
 .text.Right_Arrow
                0x0000672c       0x14 ./main.o
                0x0000672c                Right_Arrow
 .text.Left_Arrow
                0x00006740       0x14 ./main.o
                0x00006740                Left_Arrow
 .text.Celsius_Sym
                0x00006754       0x1a ./main.o
                0x00006754                Celsius_Sym
 .text.Save_User_Password
                0x0000676e      0x6cc ./main.o
                0x0000676e                Save_User_Password
 .text.Delete_Registered_User
                0x00006e3a      0x314 ./main.o
                0x00006e3a                Delete_Registered_User
 .text.Enter_Admin_Pass
                0x0000714e      0x44c ./main.o
                0x0000714e                Enter_Admin_Pass
 .text.libgcc   0x0000759a       0x28 d:/imt diploma/tools/sdk/imt_sdk_win_64/winavr/bin/../lib/gcc/avr/4.3.3/avr5\libgcc.a(_udivmodhi4.o)
                0x0000759a                __udivmodhi4
 .text.libgcc   0x000075c2       0x44 d:/imt diploma/tools/sdk/imt_sdk_win_64/winavr/bin/../lib/gcc/avr/4.3.3/avr5\libgcc.a(_udivmodsi4.o)
                0x000075c2                __udivmodsi4
 .text.libgcc   0x00007606        0x0 d:/imt diploma/tools/sdk/imt_sdk_win_64/winavr/bin/../lib/gcc/avr/4.3.3/avr5\libgcc.a(_exit.o)
 .text.libgcc   0x00007606        0x0 d:/imt diploma/tools/sdk/imt_sdk_win_64/winavr/bin/../lib/gcc/avr/4.3.3/avr5\libgcc.a(_copy_data.o)
 .text.libgcc   0x00007606        0x0 d:/imt diploma/tools/sdk/imt_sdk_win_64/winavr/bin/../lib/gcc/avr/4.3.3/avr5\libgcc.a(_clear_bss.o)
 .text.libgcc   0x00007606       0x38 d:/imt diploma/tools/sdk/imt_sdk_win_64/winavr/bin/../lib/gcc/avr/4.3.3/avr5\libgcc.a(_prologue.o)
                0x00007606                __prologue_saves__
 .text.libgcc   0x0000763e       0x36 d:/imt diploma/tools/sdk/imt_sdk_win_64/winavr/bin/../lib/gcc/avr/4.3.3/avr5\libgcc.a(_epilogue.o)
                0x0000763e                __epilogue_restores__
                0x00007674                . = ALIGN (0x2)
 *(.fini9)
 .fini9         0x00007674        0x0 d:/imt diploma/tools/sdk/imt_sdk_win_64/winavr/bin/../lib/gcc/avr/4.3.3/avr5\libgcc.a(_exit.o)
                0x00007674                exit
                0x00007674                _exit
 *(.fini9)
 *(.fini8)
 *(.fini8)
 *(.fini7)
 *(.fini7)
 *(.fini6)
 *(.fini6)
 *(.fini5)
 *(.fini5)
 *(.fini4)
 *(.fini4)
 *(.fini3)
 *(.fini3)
 *(.fini2)
 *(.fini2)
 *(.fini1)
 *(.fini1)
 *(.fini0)
 .fini0         0x00007674        0x4 d:/imt diploma/tools/sdk/imt_sdk_win_64/winavr/bin/../lib/gcc/avr/4.3.3/avr5\libgcc.a(_exit.o)
 *(.fini0)
                0x00007678                _etext = .

.data           0x00800060      0x4bc load address 0x00007678
                0x00800060                PROVIDE (__data_start, .)
 *(.data)
 .data          0x00800060        0x0 d:/imt diploma/tools/sdk/imt_sdk_win_64/winavr/bin/../lib/gcc/avr/4.3.3/../../../../avr/lib/avr5/crtm32.o
 .data          0x00800060        0x0 ./ADC_prg.o
 .data          0x00800060        0x0 ./DIO_prg.o
 .data          0x00800060        0x0 ./EEPROM_program.o
 .data          0x00800060        0x0 ./GI_program.o
 .data          0x00800060        0x0 ./I2C_program.o
 .data          0x00800060        0x0 ./LCD_prg.o
 .data          0x00800060        0x0 ./TIMER0_program.o
 .data          0x00800060        0x0 ./UART_program.o
 .data          0x00800060      0x4a4 ./main.o
 .data          0x00800504        0x0 d:/imt diploma/tools/sdk/imt_sdk_win_64/winavr/bin/../lib/gcc/avr/4.3.3/avr5\libgcc.a(_udivmodhi4.o)
 .data          0x00800504        0x0 d:/imt diploma/tools/sdk/imt_sdk_win_64/winavr/bin/../lib/gcc/avr/4.3.3/avr5\libgcc.a(_udivmodsi4.o)
 .data          0x00800504        0x0 d:/imt diploma/tools/sdk/imt_sdk_win_64/winavr/bin/../lib/gcc/avr/4.3.3/avr5\libgcc.a(_exit.o)
 .data          0x00800504        0x0 d:/imt diploma/tools/sdk/imt_sdk_win_64/winavr/bin/../lib/gcc/avr/4.3.3/avr5\libgcc.a(_copy_data.o)
 .data          0x00800504        0x0 d:/imt diploma/tools/sdk/imt_sdk_win_64/winavr/bin/../lib/gcc/avr/4.3.3/avr5\libgcc.a(_clear_bss.o)
 .data          0x00800504        0x0 d:/imt diploma/tools/sdk/imt_sdk_win_64/winavr/bin/../lib/gcc/avr/4.3.3/avr5\libgcc.a(_fixunssfsi.o)
 .data          0x00800504        0x0 d:/imt diploma/tools/sdk/imt_sdk_win_64/winavr/bin/../lib/gcc/avr/4.3.3/avr5\libgcc.a(_addsub_sf.o)
 .data          0x00800504        0x0 d:/imt diploma/tools/sdk/imt_sdk_win_64/winavr/bin/../lib/gcc/avr/4.3.3/avr5\libgcc.a(_mul_sf.o)
 .data          0x00800504        0x0 d:/imt diploma/tools/sdk/imt_sdk_win_64/winavr/bin/../lib/gcc/avr/4.3.3/avr5\libgcc.a(_gt_sf.o)
 .data          0x00800504        0x0 d:/imt diploma/tools/sdk/imt_sdk_win_64/winavr/bin/../lib/gcc/avr/4.3.3/avr5\libgcc.a(_ge_sf.o)
 .data          0x00800504        0x0 d:/imt diploma/tools/sdk/imt_sdk_win_64/winavr/bin/../lib/gcc/avr/4.3.3/avr5\libgcc.a(_lt_sf.o)
 .data          0x00800504        0x0 d:/imt diploma/tools/sdk/imt_sdk_win_64/winavr/bin/../lib/gcc/avr/4.3.3/avr5\libgcc.a(_sf_to_si.o)
 .data          0x00800504        0x8 d:/imt diploma/tools/sdk/imt_sdk_win_64/winavr/bin/../lib/gcc/avr/4.3.3/avr5\libgcc.a(_thenan_sf.o)
                0x00800504                __thenan_sf
 .data          0x0080050c        0x0 d:/imt diploma/tools/sdk/imt_sdk_win_64/winavr/bin/../lib/gcc/avr/4.3.3/avr5\libgcc.a(_prologue.o)
 .data          0x0080050c        0x0 d:/imt diploma/tools/sdk/imt_sdk_win_64/winavr/bin/../lib/gcc/avr/4.3.3/avr5\libgcc.a(_epilogue.o)
 .data          0x0080050c        0x0 d:/imt diploma/tools/sdk/imt_sdk_win_64/winavr/bin/../lib/gcc/avr/4.3.3/avr5\libgcc.a(_pack_sf.o)
 .data          0x0080050c        0x0 d:/imt diploma/tools/sdk/imt_sdk_win_64/winavr/bin/../lib/gcc/avr/4.3.3/avr5\libgcc.a(_unpack_sf.o)
 .data          0x0080050c        0x0 d:/imt diploma/tools/sdk/imt_sdk_win_64/winavr/bin/../lib/gcc/avr/4.3.3/avr5\libgcc.a(_fpcmp_parts_sf.o)
 *(.data*)
 .data.LCD_PIN_ARRAY
                0x0080050c        0x8 ./LCD_prg.o
                0x0080050c                LCD_PIN_ARRAY
 .data.LCD_PIN_PORT_ARRAY
                0x00800514        0x8 ./LCD_prg.o
                0x00800514                LCD_PIN_PORT_ARRAY
 *(.rodata)
 *(.rodata*)
 *(.gnu.linkonce.d*)
                0x0080051c                . = ALIGN (0x2)
                0x0080051c                _edata = .
                0x0080051c                PROVIDE (__data_end, .)

.bss            0x0080051c       0x2e
                0x0080051c                PROVIDE (__bss_start, .)
 *(.bss)
 .bss           0x0080051c        0x0 d:/imt diploma/tools/sdk/imt_sdk_win_64/winavr/bin/../lib/gcc/avr/4.3.3/../../../../avr/lib/avr5/crtm32.o
 .bss           0x0080051c        0x0 ./ADC_prg.o
 .bss           0x0080051c        0x0 ./DIO_prg.o
 .bss           0x0080051c        0x0 ./EEPROM_program.o
 .bss           0x0080051c        0x0 ./GI_program.o
 .bss           0x0080051c        0x0 ./I2C_program.o
 .bss           0x0080051c        0x0 ./LCD_prg.o
 .bss           0x0080051c        0x0 ./TIMER0_program.o
 .bss           0x0080051c        0x0 ./UART_program.o
 .bss           0x0080051c        0x0 ./main.o
 .bss           0x0080051c        0x0 d:/imt diploma/tools/sdk/imt_sdk_win_64/winavr/bin/../lib/gcc/avr/4.3.3/avr5\libgcc.a(_udivmodhi4.o)
 .bss           0x0080051c        0x0 d:/imt diploma/tools/sdk/imt_sdk_win_64/winavr/bin/../lib/gcc/avr/4.3.3/avr5\libgcc.a(_udivmodsi4.o)
 .bss           0x0080051c        0x0 d:/imt diploma/tools/sdk/imt_sdk_win_64/winavr/bin/../lib/gcc/avr/4.3.3/avr5\libgcc.a(_exit.o)
 .bss           0x0080051c        0x0 d:/imt diploma/tools/sdk/imt_sdk_win_64/winavr/bin/../lib/gcc/avr/4.3.3/avr5\libgcc.a(_copy_data.o)
 .bss           0x0080051c        0x0 d:/imt diploma/tools/sdk/imt_sdk_win_64/winavr/bin/../lib/gcc/avr/4.3.3/avr5\libgcc.a(_clear_bss.o)
 .bss           0x0080051c        0x0 d:/imt diploma/tools/sdk/imt_sdk_win_64/winavr/bin/../lib/gcc/avr/4.3.3/avr5\libgcc.a(_fixunssfsi.o)
 .bss           0x0080051c        0x0 d:/imt diploma/tools/sdk/imt_sdk_win_64/winavr/bin/../lib/gcc/avr/4.3.3/avr5\libgcc.a(_addsub_sf.o)
 .bss           0x0080051c        0x0 d:/imt diploma/tools/sdk/imt_sdk_win_64/winavr/bin/../lib/gcc/avr/4.3.3/avr5\libgcc.a(_mul_sf.o)
 .bss           0x0080051c        0x0 d:/imt diploma/tools/sdk/imt_sdk_win_64/winavr/bin/../lib/gcc/avr/4.3.3/avr5\libgcc.a(_gt_sf.o)
 .bss           0x0080051c        0x0 d:/imt diploma/tools/sdk/imt_sdk_win_64/winavr/bin/../lib/gcc/avr/4.3.3/avr5\libgcc.a(_ge_sf.o)
 .bss           0x0080051c        0x0 d:/imt diploma/tools/sdk/imt_sdk_win_64/winavr/bin/../lib/gcc/avr/4.3.3/avr5\libgcc.a(_lt_sf.o)
 .bss           0x0080051c        0x0 d:/imt diploma/tools/sdk/imt_sdk_win_64/winavr/bin/../lib/gcc/avr/4.3.3/avr5\libgcc.a(_sf_to_si.o)
 .bss           0x0080051c        0x0 d:/imt diploma/tools/sdk/imt_sdk_win_64/winavr/bin/../lib/gcc/avr/4.3.3/avr5\libgcc.a(_thenan_sf.o)
 .bss           0x0080051c        0x0 d:/imt diploma/tools/sdk/imt_sdk_win_64/winavr/bin/../lib/gcc/avr/4.3.3/avr5\libgcc.a(_prologue.o)
 .bss           0x0080051c        0x0 d:/imt diploma/tools/sdk/imt_sdk_win_64/winavr/bin/../lib/gcc/avr/4.3.3/avr5\libgcc.a(_epilogue.o)
 .bss           0x0080051c        0x0 d:/imt diploma/tools/sdk/imt_sdk_win_64/winavr/bin/../lib/gcc/avr/4.3.3/avr5\libgcc.a(_pack_sf.o)
 .bss           0x0080051c        0x0 d:/imt diploma/tools/sdk/imt_sdk_win_64/winavr/bin/../lib/gcc/avr/4.3.3/avr5\libgcc.a(_unpack_sf.o)
 .bss           0x0080051c        0x0 d:/imt diploma/tools/sdk/imt_sdk_win_64/winavr/bin/../lib/gcc/avr/4.3.3/avr5\libgcc.a(_fpcmp_parts_sf.o)
 *(.bss*)
 .bss.ADC_pf_FreeRunning
                0x0080051c        0x2 ./ADC_prg.o
 .bss.TIMER0_pf_OVERFLOW
                0x0080051e        0x2 ./TIMER0_program.o
 .bss.TIMER0_pf_CTC
                0x00800520        0x2 ./TIMER0_program.o
 .bss.TIMER0_State_Flag
                0x00800522        0x1 ./TIMER0_program.o
 .bss.TIMER0_No_Of_OverFlows
                0x00800523        0x4 ./TIMER0_program.o
 .bss.TIMER0_Preload_Value
                0x00800527        0x4 ./TIMER0_program.o
 .bss.USART_pointer_to_transmitted_string
                0x0080052b        0x2 ./UART_program.o
 .bss.USART_pointer_to_notification_function
                0x0080052d        0x2 ./UART_program.o
 .bss.USART_transmit_index
                0x0080052f        0x1 ./UART_program.o
 .bss.USART_size_of_string_transmitted
                0x00800530        0x1 ./UART_program.o
 .bss.Delete_User_Global_Return
                0x00800531        0x1 ./main.o
                0x00800531                Delete_User_Global_Return
 .bss.Array_Of_Addresses_Location
                0x00800532        0xa ./main.o
                0x00800532                Array_Of_Addresses_Location
 .bss.Array_Of_User_Status
                0x0080053c        0xa ./main.o
                0x0080053c                Array_Of_User_Status
 .bss.User_AC_State_Flag.1915
                0x00800546        0x1 ./main.o
 *(COMMON)
 COMMON         0x00800547        0x3 ./main.o
                0x00800547                TimeOut_Counter
                0x00800548                Temperature
                0x00800549                Desired_Temp
                0x0080054a                PROVIDE (__bss_end, .)
                0x00007678                __data_load_start = LOADADDR (.data)
                0x00007b34                __data_load_end = (__data_load_start + SIZEOF (.data))

.noinit         0x0080054a        0x0
                0x0080054a                PROVIDE (__noinit_start, .)
 *(.noinit*)
                0x0080054a                PROVIDE (__noinit_end, .)
                0x0080054a                _end = .
                0x0080054a                PROVIDE (__heap_start, .)

.eeprom         0x00810000        0x0
 *(.eeprom*)
                0x00810000                __eeprom_end = .

.fuse
 *(.fuse)
 *(.lfuse)
 *(.hfuse)
 *(.efuse)

.lock
 *(.lock*)

.signature
 *(.signature*)

.stab           0x00000000     0x74c4
 *(.stab)
 .stab          0x00000000      0x8a0 ./ADC_prg.o
 .stab          0x000008a0      0x6cc ./DIO_prg.o
                                0x768 (size before relaxing)
 .stab          0x00000f6c      0x234 ./EEPROM_program.o
                                0x240 (size before relaxing)
 .stab          0x000011a0      0x144 ./GI_program.o
                                0x1e0 (size before relaxing)
 .stab          0x000012e4      0x4ec ./I2C_program.o
                                0x588 (size before relaxing)
 .stab          0x000017d0     0x1098 ./LCD_prg.o
                               0x1134 (size before relaxing)
 .stab          0x00002868      0x4ec ./TIMER0_program.o
                                0x588 (size before relaxing)
 .stab          0x00002d54      0x450 ./UART_program.o
                                0x684 (size before relaxing)
 .stab          0x000031a4     0x4320 ./main.o
                               0x4548 (size before relaxing)

.stabstr        0x00000000     0x1aae
 *(.stabstr)
 .stabstr       0x00000000     0x1aae ./ADC_prg.o

.stab.excl
 *(.stab.excl)

.stab.exclstr
 *(.stab.exclstr)

.stab.index
 *(.stab.index)

.stab.indexstr
 *(.stab.indexstr)

.comment
 *(.comment)

.debug
 *(.debug)

.line
 *(.line)

.debug_srcinfo
 *(.debug_srcinfo)

.debug_sfnames
 *(.debug_sfnames)

.debug_aranges  0x00000000      0x140
 *(.debug_aranges)
 .debug_aranges
                0x00000000       0x20 d:/imt diploma/tools/sdk/imt_sdk_win_64/winavr/bin/../lib/gcc/avr/4.3.3/avr5\libgcc.a(_fixunssfsi.o)
 .debug_aranges
                0x00000020       0x20 d:/imt diploma/tools/sdk/imt_sdk_win_64/winavr/bin/../lib/gcc/avr/4.3.3/avr5\libgcc.a(_addsub_sf.o)
 .debug_aranges
                0x00000040       0x20 d:/imt diploma/tools/sdk/imt_sdk_win_64/winavr/bin/../lib/gcc/avr/4.3.3/avr5\libgcc.a(_mul_sf.o)
 .debug_aranges
                0x00000060       0x20 d:/imt diploma/tools/sdk/imt_sdk_win_64/winavr/bin/../lib/gcc/avr/4.3.3/avr5\libgcc.a(_gt_sf.o)
 .debug_aranges
                0x00000080       0x20 d:/imt diploma/tools/sdk/imt_sdk_win_64/winavr/bin/../lib/gcc/avr/4.3.3/avr5\libgcc.a(_ge_sf.o)
 .debug_aranges
                0x000000a0       0x20 d:/imt diploma/tools/sdk/imt_sdk_win_64/winavr/bin/../lib/gcc/avr/4.3.3/avr5\libgcc.a(_lt_sf.o)
 .debug_aranges
                0x000000c0       0x20 d:/imt diploma/tools/sdk/imt_sdk_win_64/winavr/bin/../lib/gcc/avr/4.3.3/avr5\libgcc.a(_sf_to_si.o)
 .debug_aranges
                0x000000e0       0x20 d:/imt diploma/tools/sdk/imt_sdk_win_64/winavr/bin/../lib/gcc/avr/4.3.3/avr5\libgcc.a(_pack_sf.o)
 .debug_aranges
                0x00000100       0x20 d:/imt diploma/tools/sdk/imt_sdk_win_64/winavr/bin/../lib/gcc/avr/4.3.3/avr5\libgcc.a(_unpack_sf.o)
 .debug_aranges
                0x00000120       0x20 d:/imt diploma/tools/sdk/imt_sdk_win_64/winavr/bin/../lib/gcc/avr/4.3.3/avr5\libgcc.a(_fpcmp_parts_sf.o)

.debug_pubnames
                0x00000000      0x170
 *(.debug_pubnames)
 .debug_pubnames
                0x00000000       0x23 d:/imt diploma/tools/sdk/imt_sdk_win_64/winavr/bin/../lib/gcc/avr/4.3.3/avr5\libgcc.a(_fixunssfsi.o)
 .debug_pubnames
                0x00000023       0x2c d:/imt diploma/tools/sdk/imt_sdk_win_64/winavr/bin/../lib/gcc/avr/4.3.3/avr5\libgcc.a(_addsub_sf.o)
 .debug_pubnames
                0x0000004f       0x1f d:/imt diploma/tools/sdk/imt_sdk_win_64/winavr/bin/../lib/gcc/avr/4.3.3/avr5\libgcc.a(_mul_sf.o)
 .debug_pubnames
                0x0000006e       0x1e d:/imt diploma/tools/sdk/imt_sdk_win_64/winavr/bin/../lib/gcc/avr/4.3.3/avr5\libgcc.a(_gt_sf.o)
 .debug_pubnames
                0x0000008c       0x1e d:/imt diploma/tools/sdk/imt_sdk_win_64/winavr/bin/../lib/gcc/avr/4.3.3/avr5\libgcc.a(_ge_sf.o)
 .debug_pubnames
                0x000000aa       0x1e d:/imt diploma/tools/sdk/imt_sdk_win_64/winavr/bin/../lib/gcc/avr/4.3.3/avr5\libgcc.a(_lt_sf.o)
 .debug_pubnames
                0x000000c8       0x20 d:/imt diploma/tools/sdk/imt_sdk_win_64/winavr/bin/../lib/gcc/avr/4.3.3/avr5\libgcc.a(_sf_to_si.o)
 .debug_pubnames
                0x000000e8       0x22 d:/imt diploma/tools/sdk/imt_sdk_win_64/winavr/bin/../lib/gcc/avr/4.3.3/avr5\libgcc.a(_thenan_sf.o)
 .debug_pubnames
                0x0000010a       0x1f d:/imt diploma/tools/sdk/imt_sdk_win_64/winavr/bin/../lib/gcc/avr/4.3.3/avr5\libgcc.a(_pack_sf.o)
 .debug_pubnames
                0x00000129       0x21 d:/imt diploma/tools/sdk/imt_sdk_win_64/winavr/bin/../lib/gcc/avr/4.3.3/avr5\libgcc.a(_unpack_sf.o)
 .debug_pubnames
                0x0000014a       0x26 d:/imt diploma/tools/sdk/imt_sdk_win_64/winavr/bin/../lib/gcc/avr/4.3.3/avr5\libgcc.a(_fpcmp_parts_sf.o)

.debug_info     0x00000000     0x1c49
 *(.debug_info)
 .debug_info    0x00000000       0xb1 d:/imt diploma/tools/sdk/imt_sdk_win_64/winavr/bin/../lib/gcc/avr/4.3.3/avr5\libgcc.a(_fixunssfsi.o)
 .debug_info    0x000000b1      0x47a d:/imt diploma/tools/sdk/imt_sdk_win_64/winavr/bin/../lib/gcc/avr/4.3.3/avr5\libgcc.a(_addsub_sf.o)
 .debug_info    0x0000052b      0x485 d:/imt diploma/tools/sdk/imt_sdk_win_64/winavr/bin/../lib/gcc/avr/4.3.3/avr5\libgcc.a(_mul_sf.o)
 .debug_info    0x000009b0      0x27f d:/imt diploma/tools/sdk/imt_sdk_win_64/winavr/bin/../lib/gcc/avr/4.3.3/avr5\libgcc.a(_gt_sf.o)
 .debug_info    0x00000c2f      0x27f d:/imt diploma/tools/sdk/imt_sdk_win_64/winavr/bin/../lib/gcc/avr/4.3.3/avr5\libgcc.a(_ge_sf.o)
 .debug_info    0x00000eae      0x27f d:/imt diploma/tools/sdk/imt_sdk_win_64/winavr/bin/../lib/gcc/avr/4.3.3/avr5\libgcc.a(_lt_sf.o)
 .debug_info    0x0000112d      0x2b0 d:/imt diploma/tools/sdk/imt_sdk_win_64/winavr/bin/../lib/gcc/avr/4.3.3/avr5\libgcc.a(_sf_to_si.o)
 .debug_info    0x000013dd      0x12c d:/imt diploma/tools/sdk/imt_sdk_win_64/winavr/bin/../lib/gcc/avr/4.3.3/avr5\libgcc.a(_thenan_sf.o)
 .debug_info    0x00001509      0x2df d:/imt diploma/tools/sdk/imt_sdk_win_64/winavr/bin/../lib/gcc/avr/4.3.3/avr5\libgcc.a(_pack_sf.o)
 .debug_info    0x000017e8      0x251 d:/imt diploma/tools/sdk/imt_sdk_win_64/winavr/bin/../lib/gcc/avr/4.3.3/avr5\libgcc.a(_unpack_sf.o)
 .debug_info    0x00001a39      0x210 d:/imt diploma/tools/sdk/imt_sdk_win_64/winavr/bin/../lib/gcc/avr/4.3.3/avr5\libgcc.a(_fpcmp_parts_sf.o)
 *(.gnu.linkonce.wi.*)

.debug_abbrev   0x00000000      0xeeb
 *(.debug_abbrev)
 .debug_abbrev  0x00000000       0x5d d:/imt diploma/tools/sdk/imt_sdk_win_64/winavr/bin/../lib/gcc/avr/4.3.3/avr5\libgcc.a(_fixunssfsi.o)
 .debug_abbrev  0x0000005d      0x1ea d:/imt diploma/tools/sdk/imt_sdk_win_64/winavr/bin/../lib/gcc/avr/4.3.3/avr5\libgcc.a(_addsub_sf.o)
 .debug_abbrev  0x00000247      0x21b d:/imt diploma/tools/sdk/imt_sdk_win_64/winavr/bin/../lib/gcc/avr/4.3.3/avr5\libgcc.a(_mul_sf.o)
 .debug_abbrev  0x00000462      0x15a d:/imt diploma/tools/sdk/imt_sdk_win_64/winavr/bin/../lib/gcc/avr/4.3.3/avr5\libgcc.a(_gt_sf.o)
 .debug_abbrev  0x000005bc      0x15a d:/imt diploma/tools/sdk/imt_sdk_win_64/winavr/bin/../lib/gcc/avr/4.3.3/avr5\libgcc.a(_ge_sf.o)
 .debug_abbrev  0x00000716      0x15a d:/imt diploma/tools/sdk/imt_sdk_win_64/winavr/bin/../lib/gcc/avr/4.3.3/avr5\libgcc.a(_lt_sf.o)
 .debug_abbrev  0x00000870      0x17f d:/imt diploma/tools/sdk/imt_sdk_win_64/winavr/bin/../lib/gcc/avr/4.3.3/avr5\libgcc.a(_sf_to_si.o)
 .debug_abbrev  0x000009ef       0xad d:/imt diploma/tools/sdk/imt_sdk_win_64/winavr/bin/../lib/gcc/avr/4.3.3/avr5\libgcc.a(_thenan_sf.o)
 .debug_abbrev  0x00000a9c      0x1c0 d:/imt diploma/tools/sdk/imt_sdk_win_64/winavr/bin/../lib/gcc/avr/4.3.3/avr5\libgcc.a(_pack_sf.o)
 .debug_abbrev  0x00000c5c      0x154 d:/imt diploma/tools/sdk/imt_sdk_win_64/winavr/bin/../lib/gcc/avr/4.3.3/avr5\libgcc.a(_unpack_sf.o)
 .debug_abbrev  0x00000db0      0x13b d:/imt diploma/tools/sdk/imt_sdk_win_64/winavr/bin/../lib/gcc/avr/4.3.3/avr5\libgcc.a(_fpcmp_parts_sf.o)

.debug_line     0x00000000      0xdad
 *(.debug_line)
 .debug_line    0x00000000       0xa7 d:/imt diploma/tools/sdk/imt_sdk_win_64/winavr/bin/../lib/gcc/avr/4.3.3/avr5\libgcc.a(_fixunssfsi.o)
 .debug_line    0x000000a7      0x2af d:/imt diploma/tools/sdk/imt_sdk_win_64/winavr/bin/../lib/gcc/avr/4.3.3/avr5\libgcc.a(_addsub_sf.o)
 .debug_line    0x00000356      0x239 d:/imt diploma/tools/sdk/imt_sdk_win_64/winavr/bin/../lib/gcc/avr/4.3.3/avr5\libgcc.a(_mul_sf.o)
 .debug_line    0x0000058f       0xd3 d:/imt diploma/tools/sdk/imt_sdk_win_64/winavr/bin/../lib/gcc/avr/4.3.3/avr5\libgcc.a(_gt_sf.o)
 .debug_line    0x00000662       0xd3 d:/imt diploma/tools/sdk/imt_sdk_win_64/winavr/bin/../lib/gcc/avr/4.3.3/avr5\libgcc.a(_ge_sf.o)
 .debug_line    0x00000735       0xd3 d:/imt diploma/tools/sdk/imt_sdk_win_64/winavr/bin/../lib/gcc/avr/4.3.3/avr5\libgcc.a(_lt_sf.o)
 .debug_line    0x00000808      0x109 d:/imt diploma/tools/sdk/imt_sdk_win_64/winavr/bin/../lib/gcc/avr/4.3.3/avr5\libgcc.a(_sf_to_si.o)
 .debug_line    0x00000911       0x90 d:/imt diploma/tools/sdk/imt_sdk_win_64/winavr/bin/../lib/gcc/avr/4.3.3/avr5\libgcc.a(_thenan_sf.o)
 .debug_line    0x000009a1      0x18a d:/imt diploma/tools/sdk/imt_sdk_win_64/winavr/bin/../lib/gcc/avr/4.3.3/avr5\libgcc.a(_pack_sf.o)
 .debug_line    0x00000b2b      0x14b d:/imt diploma/tools/sdk/imt_sdk_win_64/winavr/bin/../lib/gcc/avr/4.3.3/avr5\libgcc.a(_unpack_sf.o)
 .debug_line    0x00000c76      0x137 d:/imt diploma/tools/sdk/imt_sdk_win_64/winavr/bin/../lib/gcc/avr/4.3.3/avr5\libgcc.a(_fpcmp_parts_sf.o)

.debug_frame    0x00000000      0x160
 *(.debug_frame)
 .debug_frame   0x00000000       0x20 d:/imt diploma/tools/sdk/imt_sdk_win_64/winavr/bin/../lib/gcc/avr/4.3.3/avr5\libgcc.a(_fixunssfsi.o)
 .debug_frame   0x00000020       0x40 d:/imt diploma/tools/sdk/imt_sdk_win_64/winavr/bin/../lib/gcc/avr/4.3.3/avr5\libgcc.a(_addsub_sf.o)
 .debug_frame   0x00000060       0x20 d:/imt diploma/tools/sdk/imt_sdk_win_64/winavr/bin/../lib/gcc/avr/4.3.3/avr5\libgcc.a(_mul_sf.o)
 .debug_frame   0x00000080       0x20 d:/imt diploma/tools/sdk/imt_sdk_win_64/winavr/bin/../lib/gcc/avr/4.3.3/avr5\libgcc.a(_gt_sf.o)
 .debug_frame   0x000000a0       0x20 d:/imt diploma/tools/sdk/imt_sdk_win_64/winavr/bin/../lib/gcc/avr/4.3.3/avr5\libgcc.a(_ge_sf.o)
 .debug_frame   0x000000c0       0x20 d:/imt diploma/tools/sdk/imt_sdk_win_64/winavr/bin/../lib/gcc/avr/4.3.3/avr5\libgcc.a(_lt_sf.o)
 .debug_frame   0x000000e0       0x20 d:/imt diploma/tools/sdk/imt_sdk_win_64/winavr/bin/../lib/gcc/avr/4.3.3/avr5\libgcc.a(_sf_to_si.o)
 .debug_frame   0x00000100       0x20 d:/imt diploma/tools/sdk/imt_sdk_win_64/winavr/bin/../lib/gcc/avr/4.3.3/avr5\libgcc.a(_pack_sf.o)
 .debug_frame   0x00000120       0x20 d:/imt diploma/tools/sdk/imt_sdk_win_64/winavr/bin/../lib/gcc/avr/4.3.3/avr5\libgcc.a(_unpack_sf.o)
 .debug_frame   0x00000140       0x20 d:/imt diploma/tools/sdk/imt_sdk_win_64/winavr/bin/../lib/gcc/avr/4.3.3/avr5\libgcc.a(_fpcmp_parts_sf.o)

.debug_str      0x00000000      0x28d
 *(.debug_str)
 .debug_str     0x00000000       0xbf d:/imt diploma/tools/sdk/imt_sdk_win_64/winavr/bin/../lib/gcc/avr/4.3.3/avr5\libgcc.a(_fixunssfsi.o)
                                 0xfe (size before relaxing)
 .debug_str     0x000000bf      0x14d d:/imt diploma/tools/sdk/imt_sdk_win_64/winavr/bin/../lib/gcc/avr/4.3.3/avr5\libgcc.a(_addsub_sf.o)
                                0x206 (size before relaxing)
 .debug_str     0x0000020c       0x27 d:/imt diploma/tools/sdk/imt_sdk_win_64/winavr/bin/../lib/gcc/avr/4.3.3/avr5\libgcc.a(_mul_sf.o)
                                0x1bf (size before relaxing)
 .debug_str     0x00000233        0xf d:/imt diploma/tools/sdk/imt_sdk_win_64/winavr/bin/../lib/gcc/avr/4.3.3/avr5\libgcc.a(_gt_sf.o)
                                0x195 (size before relaxing)
 .debug_str     0x00000242        0x8 d:/imt diploma/tools/sdk/imt_sdk_win_64/winavr/bin/../lib/gcc/avr/4.3.3/avr5\libgcc.a(_ge_sf.o)
                                0x195 (size before relaxing)
 .debug_str     0x0000024a        0x8 d:/imt diploma/tools/sdk/imt_sdk_win_64/winavr/bin/../lib/gcc/avr/4.3.3/avr5\libgcc.a(_lt_sf.o)
                                0x195 (size before relaxing)
 .debug_str     0x00000252        0xa d:/imt diploma/tools/sdk/imt_sdk_win_64/winavr/bin/../lib/gcc/avr/4.3.3/avr5\libgcc.a(_sf_to_si.o)
                                0x19e (size before relaxing)
 .debug_str     0x00000000      0x103 d:/imt diploma/tools/sdk/imt_sdk_win_64/winavr/bin/../lib/gcc/avr/4.3.3/avr5\libgcc.a(_thenan_sf.o)
 .debug_str     0x0000025c       0x16 d:/imt diploma/tools/sdk/imt_sdk_win_64/winavr/bin/../lib/gcc/avr/4.3.3/avr5\libgcc.a(_pack_sf.o)
                                0x19d (size before relaxing)
 .debug_str     0x00000272        0xb d:/imt diploma/tools/sdk/imt_sdk_win_64/winavr/bin/../lib/gcc/avr/4.3.3/avr5\libgcc.a(_unpack_sf.o)
                                0x17f (size before relaxing)
 .debug_str     0x0000027d       0x10 d:/imt diploma/tools/sdk/imt_sdk_win_64/winavr/bin/../lib/gcc/avr/4.3.3/avr5\libgcc.a(_fpcmp_parts_sf.o)
                                0x163 (size before relaxing)

.debug_loc      0x00000000      0x7ce
 *(.debug_loc)
 .debug_loc     0x00000000       0x34 d:/imt diploma/tools/sdk/imt_sdk_win_64/winavr/bin/../lib/gcc/avr/4.3.3/avr5\libgcc.a(_fixunssfsi.o)
 .debug_loc     0x00000034      0x32a d:/imt diploma/tools/sdk/imt_sdk_win_64/winavr/bin/../lib/gcc/avr/4.3.3/avr5\libgcc.a(_addsub_sf.o)
 .debug_loc     0x0000035e      0x104 d:/imt diploma/tools/sdk/imt_sdk_win_64/winavr/bin/../lib/gcc/avr/4.3.3/avr5\libgcc.a(_mul_sf.o)
 .debug_loc     0x00000462       0x3c d:/imt diploma/tools/sdk/imt_sdk_win_64/winavr/bin/../lib/gcc/avr/4.3.3/avr5\libgcc.a(_gt_sf.o)
 .debug_loc     0x0000049e       0x3c d:/imt diploma/tools/sdk/imt_sdk_win_64/winavr/bin/../lib/gcc/avr/4.3.3/avr5\libgcc.a(_ge_sf.o)
 .debug_loc     0x000004da       0x3c d:/imt diploma/tools/sdk/imt_sdk_win_64/winavr/bin/../lib/gcc/avr/4.3.3/avr5\libgcc.a(_lt_sf.o)
 .debug_loc     0x00000516       0x7e d:/imt diploma/tools/sdk/imt_sdk_win_64/winavr/bin/../lib/gcc/avr/4.3.3/avr5\libgcc.a(_sf_to_si.o)
 .debug_loc     0x00000594      0x13e d:/imt diploma/tools/sdk/imt_sdk_win_64/winavr/bin/../lib/gcc/avr/4.3.3/avr5\libgcc.a(_pack_sf.o)
 .debug_loc     0x000006d2       0xac d:/imt diploma/tools/sdk/imt_sdk_win_64/winavr/bin/../lib/gcc/avr/4.3.3/avr5\libgcc.a(_unpack_sf.o)
 .debug_loc     0x0000077e       0x50 d:/imt diploma/tools/sdk/imt_sdk_win_64/winavr/bin/../lib/gcc/avr/4.3.3/avr5\libgcc.a(_fpcmp_parts_sf.o)

.debug_macinfo
 *(.debug_macinfo)
OUTPUT(IMTOnine_Graduation_Project.elf elf32-avr)
LOAD linker stubs

.debug_ranges   0x00000000       0x50
 .debug_ranges  0x00000000       0x50 d:/imt diploma/tools/sdk/imt_sdk_win_64/winavr/bin/../lib/gcc/avr/4.3.3/avr5\libgcc.a(_mul_sf.o)
